// Jest Snapshot v1, https://goo.gl/fbAQLP

exports[`normalize with a real search response returns the expected normalized values 1`] = `
Array [
  Object {
    "badges": Array [
      Object {
        "content": "This sitter has successfully passed an enhanced <a href=\\"/background-checks/\\">background check</a> by a third party provider.",
        "imageUrl": "//dt0499hd9onpe.cloudfront.net/badges/verified-enhanced-background-check/icons/icon_21e9a29c.png",
        "title": "Verified Enhanced Background Check",
      },
      Object {
        "content": "This sitter has completed <a href=\\"https://www.rover.com/sitter-training\\">Rover 101</a> for pet care best practices.",
        "imageUrl": "//dt0499hd9onpe.cloudfront.net/badges/rover-training-graduate/icons/icon_1357faa9.png",
        "title": "Rover 101",
      },
    ],
    "city": "Seattle",
    "currencySymbol": "$",
    "featuredReview": "Best dog sitter I've ever used. Easy-going and accommodating, was eager to figure out schedule and communication. My dog was so happy with them, she forgot I was gone. I'll be using them every time so long as they're available!",
    "name": "Madison",
    "neighborhood": "Loyal Heights",
    "price": 45,
    "priceUnit": "night",
    "rank": 1,
    "ratingAverage": 5,
    "repeatClientCount": 6,
    "reviewCount": 11,
    "state": "WA",
    "tagline": "2 pet lovers+fenced yard in Ballard",
    "thumbnailUrl": "https://rover-com.imgix.net/images/people/3gmEo9Rg/blrepvpeti/original.png?crop=facecenter&fit=crop&h=200&ixlib=python-1.2.0&w=200",
    "webUrl": "https://www.rover.com/members/madison-s-2-pet-loversfenced-yard-in-ballard/",
    "zip": "98117",
  },
  Object {
    "badges": Array [
      Object {
        "content": "This sitter has successfully passed an enhanced <a href=\\"/background-checks/\\">background check</a> by a third party provider.",
        "imageUrl": "//dt0499hd9onpe.cloudfront.net/badges/verified-enhanced-background-check/icons/icon_21e9a29c.png",
        "title": "Verified Enhanced Background Check",
      },
    ],
    "city": "Seattle",
    "currencySymbol": "$",
    "featuredReview": "We boarded our Havanese, Ryley, with Angie, while we were away for a long weekend.  We could not have been more pleased.  Angie is caring and considerate, responsible and prompt with all communications.  And all indications are that Ryley had a wonder time with Angie, and visa-versa, which is exactly what we had hoped!",
    "name": "Angie",
    "neighborhood": "Olympic Manor",
    "price": 35,
    "priceUnit": "night",
    "rank": 2,
    "ratingAverage": 5,
    "repeatClientCount": 2,
    "reviewCount": 9,
    "state": "WA",
    "tagline": "I absolutely love dogs!!!",
    "thumbnailUrl": "https://rover-com.imgix.net/images/people/g45DYroQ/xuouqxoook/original.jpg?crop=facecenter&fit=crop&h=200&ixlib=python-1.2.0&w=200",
    "webUrl": "https://www.rover.com/members/angie-b-i-absolutely-love-dogs/",
    "zip": "98117",
  },
  Object {
    "badges": Array [
      Object {
        "content": "This sitter has successfully passed a basic <a href=\\"/background-checks/\\">background check</a> by a third party provider.",
        "imageUrl": "//dt0499hd9onpe.cloudfront.net/badges/verified-background-check/icons/icon_eff390b1.png",
        "title": "Verified Background Check",
      },
    ],
    "city": "Seattle",
    "currencySymbol": "$",
    "featuredReview": "Janet was fabulous! She followed the care instructions for my older dog perfectly. She sent pictures and videos so I knew he was playing with other dogs and having a blast. She was very flexible about pick up and drop off times and generally a very sweet and caring person. I would happily leave Lefty with her again!",
    "name": "Janet",
    "neighborhood": "North Beach",
    "price": 39,
    "priceUnit": "night",
    "rank": 3,
    "ratingAverage": 5,
    "repeatClientCount": 93,
    "reviewCount": 170,
    "state": "WA",
    "tagline": "Home Full Time-Large Fenced Yard",
    "thumbnailUrl": "https://rover-com.imgix.net/images/people/vgWqZ4zA/lhshkpmdbg/original.jpg?crop=facecenter&fit=crop&h=200&ixlib=python-1.2.0&w=200",
    "webUrl": "https://www.rover.com/members/janet-p-home-full-time-large-fenced-yard/",
    "zip": "98117",
  },
  Object {
    "badges": Array [
      Object {
        "content": "This sitter has successfully passed an enhanced <a href=\\"/background-checks/\\">background check</a> by a third party provider.",
        "imageUrl": "//dt0499hd9onpe.cloudfront.net/badges/verified-enhanced-background-check/icons/icon_21e9a29c.png",
        "title": "Verified Enhanced Background Check",
      },
    ],
    "city": "Seattle",
    "currencySymbol": "$",
    "featuredReview": "Camille did such an amazing job with our high energy pup. She had a big activity every day to do with Olive. She brought her to the dog park, the beach, and Green Lake. It gave us peace of mind knowing our dog was basically on vacation while we were! She sent plenty of updates and photos to us as well. I would highly recommend booking with her!",
    "name": "Camille",
    "neighborhood": "Ballard",
    "price": 35,
    "priceUnit": "night",
    "rank": 4,
    "ratingAverage": 5,
    "repeatClientCount": 7,
    "reviewCount": 17,
    "state": "WA",
    "tagline": "Enthusiastic dog lover in Ballard!",
    "thumbnailUrl": "https://rover-com.imgix.net/images/people/Ay6Lb2ON/ymaqjcotkb/original.jpeg?crop=facecenter&fit=crop&h=200&ixlib=python-1.2.0&w=200",
    "webUrl": "https://www.rover.com/members/camille-f-enthusiastic-dog-lover-in-ballard/",
    "zip": "98107",
  },
  Object {
    "badges": Array [
      Object {
        "content": "This sitter has successfully passed a basic <a href=\\"/background-checks/\\">background check</a> by a third party provider.",
        "imageUrl": "//dt0499hd9onpe.cloudfront.net/badges/verified-background-check/icons/icon_eff390b1.png",
        "title": "Verified Background Check",
      },
    ],
    "city": "Seattle",
    "currencySymbol": "$",
    "featuredReview": "Alyssa and Tony are great. They are super responsive and kept me up to date on how my pup was doing over the course of his boarding. He was happy to have a playmate to burn off his seemingly unending energy. I would highly recommend them to any and all.",
    "name": "Alyssa & Tony",
    "neighborhood": "Sunset Hill",
    "price": 27,
    "priceUnit": "night",
    "rank": 5,
    "ratingAverage": 5,
    "repeatClientCount": 2,
    "reviewCount": 5,
    "state": "WA",
    "tagline": "Adventurous & Trustworthy",
    "thumbnailUrl": "https://rover-com.imgix.net/images/people/QnvWJy0Q/kxreogcppn/original.jpg?crop=facecenter&fit=crop&h=200&ixlib=python-1.2.0&w=200",
    "webUrl": "https://www.rover.com/members/alyssa-tony-d-adventurous-trustworthy/",
    "zip": "98107",
  },
  Object {
    "badges": Array [
      Object {
        "content": "This sitter has successfully passed a basic <a href=\\"/background-checks/\\">background check</a> by a third party provider.",
        "imageUrl": "//dt0499hd9onpe.cloudfront.net/badges/verified-background-check/icons/icon_eff390b1.png",
        "title": "Verified Background Check",
      },
    ],
    "city": "Seattle",
    "currencySymbol": "$",
    "featuredReview": "What thoughtful, contentious caregivers! Upon arrival the floors were covered in mats to prevent slips, dog beds for naps, and there was even a ramp to the backyard for achy knees. They sent plenty of updates and pictures, and it was clear they had spent time getting to know our pup’s personality. We were able to rest easy and enjoy our weekend knowing that Dolly was in their care.",
    "name": "PJ",
    "neighborhood": "Phinney Ridge",
    "price": 55,
    "priceUnit": "night",
    "rank": 6,
    "ratingAverage": 5,
    "repeatClientCount": 18,
    "reviewCount": 41,
    "state": "WA",
    "tagline": "24/7 TLC and no stairs :)",
    "thumbnailUrl": "https://rover-com.imgix.net/images/people/bN80ameN/xvfrhlrrff/original.jpg?crop=facecenter&fit=crop&h=200&ixlib=python-1.2.0&w=200",
    "webUrl": "https://www.rover.com/members/pj-b-247-tlc-and-no-stairs/",
    "zip": "98103",
  },
  Object {
    "badges": Array [
      Object {
        "content": "This sitter has successfully passed a basic <a href=\\"/background-checks/\\">background check</a> by a third party provider.",
        "imageUrl": "//dt0499hd9onpe.cloudfront.net/badges/verified-background-check/icons/icon_eff390b1.png",
        "title": "Verified Background Check",
      },
      Object {
        "content": "This member is trained in dog first aid & CPR.",
        "imageUrl": "//dt0499hd9onpe.cloudfront.net/badges/first-aid-cpr/icons/icon_bcb44247.png",
        "title": "First Aid & CPR",
      },
    ],
    "city": "Seattle",
    "currencySymbol": "$",
    "featuredReview": "Taylor is great!  She takes great care of Gus and treats him like her own. I get updates while I’m gone and they are always pics of my happy dog.",
    "name": "Taylor",
    "neighborhood": "Greenwood",
    "price": 29,
    "priceUnit": "night",
    "rank": 7,
    "ratingAverage": 5,
    "repeatClientCount": 18,
    "reviewCount": 26,
    "state": "WA",
    "tagline": "Animal Lives Matter",
    "thumbnailUrl": "https://rover-com.imgix.net/images/people/vgWoqGbg/vkfkwbmoni/original.jpg?crop=facecenter&fit=crop&h=200&ixlib=python-1.2.0&w=200",
    "webUrl": "https://www.rover.com/members/taylor-s-animal-lives-matter/",
    "zip": "98103",
  },
  Object {
    "badges": Array [
      Object {
        "content": "This sitter has successfully passed a basic <a href=\\"/background-checks/\\">background check</a> by a third party provider.",
        "imageUrl": "//dt0499hd9onpe.cloudfront.net/badges/verified-background-check/icons/icon_eff390b1.png",
        "title": "Verified Background Check",
      },
      Object {
        "content": "This member is trained in dog first aid & CPR.",
        "imageUrl": "//dt0499hd9onpe.cloudfront.net/badges/first-aid-cpr/icons/icon_bcb44247.png",
        "title": "First Aid & CPR",
      },
    ],
    "city": "Seattle",
    "currencySymbol": "$",
    "featuredReview": "CiCi was so amazing to work with!  Our 2 labs stayed with her over Christmas and had the best time. CiCi sent us daily updates, pictures and videos. She took them to dog parks and spoiled them with cuddles on the couch at home. I think the dogs were disappointed to leave they had so much fun with her!  I’ll definitely use CiCi again!",
    "name": "Carialta",
    "neighborhood": "Loyal Heights",
    "price": 40,
    "priceUnit": "night",
    "rank": 8,
    "ratingAverage": 5,
    "repeatClientCount": 5,
    "reviewCount": 12,
    "state": "WA",
    "tagline": "Large fenced yard Can do dog park",
    "thumbnailUrl": "https://rover-com.imgix.net/images/people/AoMWO49g/uyvnfjkwiq/original.jpg?crop=facecenter&fit=crop&h=200&ixlib=python-1.2.0&w=200",
    "webUrl": "https://www.rover.com/members/carialta-g-large-fenced-yard-can-do-dog-park/",
    "zip": "98117",
  },
  Object {
    "badges": Array [
      Object {
        "content": "This sitter has successfully passed an enhanced <a href=\\"/background-checks/\\">background check</a> by a third party provider.",
        "imageUrl": "//dt0499hd9onpe.cloudfront.net/badges/verified-enhanced-background-check/icons/icon_21e9a29c.png",
        "title": "Verified Enhanced Background Check",
      },
    ],
    "city": "Seattle",
    "currencySymbol": "$",
    "featuredReview": "Alex watched Clover while my husband and I were out of town for a long weekend, and this was the first time we picked up Clover and she was EXHAUSTED. Always good in my book! Alex is an excellent communicator and sent us lots of photos. We highly recommend Alex and will definitely reach out to her again for future stays.",
    "name": "Alex ",
    "neighborhood": "Sunset Hill",
    "price": 45,
    "priceUnit": "night",
    "rank": 9,
    "ratingAverage": 5,
    "repeatClientCount": 34,
    "reviewCount": 89,
    "state": "WA",
    "tagline": "Stay at home Mom for your Pup",
    "thumbnailUrl": "https://rover-com.imgix.net/images/people/eQ917KkQ/qfkqzbryiy/original.jpg?crop=facecenter&fit=crop&h=200&ixlib=python-1.2.0&w=200",
    "webUrl": "https://www.rover.com/members/alex-h-stay-at-home-mom-for-your-pup/",
    "zip": "98107",
  },
  Object {
    "badges": Array [
      Object {
        "content": "This sitter has successfully passed a basic <a href=\\"/background-checks/\\">background check</a> by a third party provider.",
        "imageUrl": "//dt0499hd9onpe.cloudfront.net/badges/verified-background-check/icons/icon_eff390b1.png",
        "title": "Verified Background Check",
      },
    ],
    "city": "Seattle",
    "currencySymbol": "$",
    "featuredReview": "Jennifer and her dogs were such awesome hosts—Lincoln enjoyed his social time and Jennifer was super flexible with our travel schedule. Her home was perfect for taking care of our furry friend!",
    "name": "Jennifer",
    "neighborhood": "Greenwood",
    "price": 50,
    "priceUnit": "night",
    "rank": 10,
    "ratingAverage": 5,
    "repeatClientCount": 9,
    "reviewCount": 24,
    "state": "WA",
    "tagline": "Large fenced yard w/dog friends!",
    "thumbnailUrl": "https://rover-com.imgix.net/images/people/gVmD8z5N/gerakktiyo/original.jpeg?crop=facecenter&fit=crop&h=200&ixlib=python-1.2.0&w=200",
    "webUrl": "https://www.rover.com/members/jennifer-c-large-fenced-yard-wdog-friends/",
    "zip": "98117",
  },
  Object {
    "badges": Array [
      Object {
        "content": "This sitter has successfully passed a basic <a href=\\"/background-checks/\\">background check</a> by a third party provider.",
        "imageUrl": "//dt0499hd9onpe.cloudfront.net/badges/verified-background-check/icons/icon_eff390b1.png",
        "title": "Verified Background Check",
      },
    ],
    "city": "Seattle",
    "currencySymbol": "$",
    "featuredReview": "Lindsey watched my dog Yogi while I was on vacation. She was very responsive, friendly and definitely a dog person. She sent me pic updates of Yogi and even gave me a toy to keep that Yogi had been playing with while she stayed there. I highly recommend Lindsey as a dog sitter and for my next vacation I will book her again. Thank you Lindsey!! Yogi was in good hands.",
    "name": "Lindsey",
    "neighborhood": "Greenwood",
    "price": 35,
    "priceUnit": "night",
    "rank": 11,
    "ratingAverage": 5,
    "repeatClientCount": 0,
    "reviewCount": 2,
    "state": "WA",
    "tagline": "Loving and Active Dog Whisperer",
    "thumbnailUrl": "https://rover-com.imgix.net/images/people/gXGok65N/eujfooozoc/original?crop=facecenter&fit=crop&h=200&ixlib=python-1.2.0&w=200",
    "webUrl": "https://www.rover.com/members/lindsey-b-loving-and-active-dog-whisperer/",
    "zip": "98103",
  },
  Object {
    "badges": Array [
      Object {
        "content": "This sitter has successfully passed an enhanced <a href=\\"/background-checks/\\">background check</a> by a third party provider.",
        "imageUrl": "//dt0499hd9onpe.cloudfront.net/badges/verified-enhanced-background-check/icons/icon_21e9a29c.png",
        "title": "Verified Enhanced Background Check",
      },
      Object {
        "content": "This member is trained in dog first aid & CPR.",
        "imageUrl": "//dt0499hd9onpe.cloudfront.net/badges/first-aid-cpr/icons/icon_bcb44247.png",
        "title": "First Aid & CPR",
      },
    ],
    "city": "Seattle",
    "currencySymbol": "$",
    "featuredReview": "Kimberly is amazing! She took great care of our pup and sent updates with images and videos throughout his stay. When we picked Max up, it was clear that he was a huge fan of Kimberly! We will definitely book her again and again!",
    "name": "Kimberly",
    "neighborhood": "Ballard",
    "price": 42,
    "priceUnit": "night",
    "rank": 12,
    "ratingAverage": 5,
    "repeatClientCount": 10,
    "reviewCount": 23,
    "state": "WA",
    "tagline": "Former Dog Trainer Turned Sitter",
    "thumbnailUrl": "https://rover-com.imgix.net/images/people/Ad906pLN/zdwlvwulax/original.jpg?crop=facecenter&fit=crop&h=200&ixlib=python-1.2.0&w=200",
    "webUrl": "https://www.rover.com/members/kimberly-s-former-dog-trainer-turned-sitter/",
    "zip": "98107",
  },
  Object {
    "badges": Array [
      Object {
        "content": "This sitter has successfully passed a basic <a href=\\"/background-checks/\\">background check</a> by a third party provider.",
        "imageUrl": "//dt0499hd9onpe.cloudfront.net/badges/verified-background-check/icons/icon_eff390b1.png",
        "title": "Verified Background Check",
      },
    ],
    "city": "Seattle",
    "currencySymbol": "$",
    "featuredReview": "Our dog had a wonderful time for 6 days with Gayane, Sona and their 2 fur friends! I would highly recommend their family as a great place for your fur baby if you have to leave town. They sent lots of photos, took lots of walks and when I picked up my pup, he was as happy as ever!!",
    "name": "Gayane & Sona",
    "neighborhood": "Greenwood",
    "price": 30,
    "priceUnit": "night",
    "rank": 13,
    "ratingAverage": 5,
    "repeatClientCount": 0,
    "reviewCount": 3,
    "state": "WA",
    "tagline": "Dogs forever!",
    "thumbnailUrl": "https://rover-com.imgix.net/images/people/N845p92N/nojrhtbkea/original?crop=facecenter&fit=crop&h=200&ixlib=python-1.2.0&w=200",
    "webUrl": "https://www.rover.com/members/gayane-sona-k-dogs-forever/",
    "zip": "98117",
  },
  Object {
    "badges": Array [
      Object {
        "content": "This sitter has successfully passed a basic <a href=\\"/background-checks/\\">background check</a> by a third party provider.",
        "imageUrl": "//dt0499hd9onpe.cloudfront.net/badges/verified-background-check/icons/icon_eff390b1.png",
        "title": "Verified Background Check",
      },
    ],
    "city": "Seattle",
    "currencySymbol": "$",
    "featuredReview": "Our 2 year old pit had so much fun at Erin's place! They went on daily adventures and had doggy playdates. Her fenced yard was a nice treat for our normally apartment-bound dog.",
    "name": "Erin",
    "neighborhood": "Ballard",
    "price": 35,
    "priceUnit": "night",
    "rank": 14,
    "ratingAverage": 5,
    "repeatClientCount": 2,
    "reviewCount": 11,
    "state": "WA",
    "tagline": "Work From Home & Will Run With Dog!",
    "thumbnailUrl": "https://rover-com.imgix.net/images/people/DN0EMWlg/iqmsyyjtkz/original?crop=facecenter&fit=crop&h=200&ixlib=python-1.2.0&w=200",
    "webUrl": "https://www.rover.com/members/erin-h-work-from-home-will-run-with-dog/",
    "zip": "98117",
  },
  Object {
    "badges": Array [
      Object {
        "content": "This sitter has successfully passed a basic <a href=\\"/background-checks/\\">background check</a> by a third party provider.",
        "imageUrl": "//dt0499hd9onpe.cloudfront.net/badges/verified-background-check/icons/icon_eff390b1.png",
        "title": "Verified Background Check",
      },
      Object {
        "content": "This sitter has completed <a href=\\"https://www.rover.com/sitter-training\\">Rover 101</a> for pet care best practices.",
        "imageUrl": "//dt0499hd9onpe.cloudfront.net/badges/rover-training-graduate/icons/icon_1357faa9.png",
        "title": "Rover 101",
      },
    ],
    "city": "Seattle",
    "currencySymbol": "$",
    "featuredReview": "This was our first time leaving our puppy Millie while we were away, and we are so glad we found Shelly! She kept Millie really active and sent updates/photos super often which was really awesome. She was flexible and very prompt with responses!",
    "name": "Shelly",
    "neighborhood": "Whittier Heights",
    "price": 33,
    "priceUnit": "night",
    "rank": 15,
    "ratingAverage": 5,
    "repeatClientCount": 7,
    "reviewCount": 12,
    "state": "WA",
    "tagline": "17+ years of Dog Lovin' & Care!",
    "thumbnailUrl": "https://rover-com.imgix.net/images/people/yQO24Pjg/tgppilwkzu/original.jpg?crop=facecenter&fit=crop&h=200&ixlib=python-1.2.0&w=200",
    "webUrl": "https://www.rover.com/members/shelly-n-17-years-of-dog-lovin-care/",
    "zip": "98117",
  },
  Object {
    "badges": Array [
      Object {
        "content": "This sitter has successfully passed a basic <a href=\\"/background-checks/\\">background check</a> by a third party provider.",
        "imageUrl": "//dt0499hd9onpe.cloudfront.net/badges/verified-background-check/icons/icon_eff390b1.png",
        "title": "Verified Background Check",
      },
    ],
    "city": "SEATTLE",
    "currencySymbol": "$",
    "featuredReview": "I couldn't be more at ease.  Christine was great about meeting prior to booking, to make sure all my questions were answered and I could see their home.  Once booked and Moseley started his stay, they were so great about checking in every day and sending some great pictures of Moseley on his adventures.   Moes came back home happy and calm, which was a huge change from stays with other sitters in the past.  10/10 would recommend and will be using again!",
    "name": "Christine",
    "neighborhood": "Ballard",
    "price": 45,
    "priceUnit": "night",
    "rank": 16,
    "ratingAverage": 5,
    "repeatClientCount": 11,
    "reviewCount": 32,
    "state": "WA",
    "tagline": "Lots of Love & Attention to Give!",
    "thumbnailUrl": "https://rover-com.imgix.net/images/people/N0bDK2eQ/rglhtslhvo/original.jpeg?crop=facecenter&fit=crop&h=200&ixlib=python-1.2.0&w=200",
    "webUrl": "https://www.rover.com/members/christine-l-lots-of-love-attention-to-give/",
    "zip": "98107",
  },
  Object {
    "badges": Array [
      Object {
        "content": "This sitter has successfully passed an enhanced <a href=\\"/background-checks/\\">background check</a> by a third party provider.",
        "imageUrl": "//dt0499hd9onpe.cloudfront.net/badges/verified-enhanced-background-check/icons/icon_21e9a29c.png",
        "title": "Verified Enhanced Background Check",
      },
    ],
    "city": "Seattle",
    "currencySymbol": "$",
    "featuredReview": "We loved Dante and Robin! They watched both our dog, Dara, and our cat, Helen, while we were away for a weekend, and it was clear they were both obessed! Dara can be a little hesitant when she meets people, but practically jumped in their arms when she met them! It was clear from the photos that they sent that their dog, Sadie, helped Dara get some of her puppy energy out and get acclimated. Helen is super playful and cuddly, and definitely got her fair share of both. Dante and Robin were also very accommodating and professional. Our train was running behind schedule, and they were completely understanding and made sure that all of Dara’s things were ready when we arrived! We will be booking them again for our next trip and highly recommend!",
    "name": "Dante",
    "neighborhood": "Ballard",
    "price": 70,
    "priceUnit": "night",
    "rank": 17,
    "ratingAverage": 5,
    "repeatClientCount": 0,
    "reviewCount": 6,
    "state": "WA",
    "tagline": "Exercise, fun and companionship!",
    "thumbnailUrl": "https://rover-com.imgix.net/images/people/gxoW3b1N/kkurnuwfro/original.jpg?crop=facecenter&fit=crop&h=200&ixlib=python-1.2.0&w=200",
    "webUrl": "https://www.rover.com/members/dante-d-exercise-fun-and-companionship/",
    "zip": "98107",
  },
  Object {
    "badges": Array [
      Object {
        "content": "This sitter has successfully passed an enhanced <a href=\\"/background-checks/\\">background check</a> by a third party provider.",
        "imageUrl": "//dt0499hd9onpe.cloudfront.net/badges/verified-enhanced-background-check/icons/icon_21e9a29c.png",
        "title": "Verified Enhanced Background Check",
      },
    ],
    "city": "Seattle",
    "currencySymbol": "$",
    "featuredReview": "Iris and Austin have a great set-up with a solid fence and doggie door.  They took good care of our dog during a weekend away.  We will definitely call them again.  Thank you!",
    "name": "Iris & Austin",
    "neighborhood": "Loyal Heights",
    "price": 30,
    "priceUnit": "night",
    "rank": 18,
    "ratingAverage": 5,
    "repeatClientCount": 3,
    "reviewCount": 12,
    "state": "WA",
    "tagline": "Dog loving, active couple!",
    "thumbnailUrl": "https://rover-com.imgix.net/images/people/NqX4W4oA/zrqmbpesxi/original.jpg?crop=facecenter&fit=crop&h=200&ixlib=python-1.2.0&w=200",
    "webUrl": "https://www.rover.com/members/iris-austin-o-dog-loving-active-couple/",
    "zip": "98117",
  },
  Object {
    "badges": Array [
      Object {
        "content": "This sitter has successfully passed an enhanced <a href=\\"/background-checks/\\">background check</a> by a third party provider.",
        "imageUrl": "//dt0499hd9onpe.cloudfront.net/badges/verified-enhanced-background-check/icons/icon_21e9a29c.png",
        "title": "Verified Enhanced Background Check",
      },
    ],
    "city": "Seattle",
    "currencySymbol": "$",
    "featuredReview": "Communication was good and Rhianna made drop-off/pick-up really easy. She sent so many adorable photos of Oslo, and it looked like he had a great time! Would highly recommend.",
    "name": "Rhianna",
    "neighborhood": "Ballard",
    "price": 45,
    "priceUnit": "night",
    "rank": 19,
    "ratingAverage": 5,
    "repeatClientCount": 1,
    "reviewCount": 5,
    "state": "WA",
    "tagline": "I like dogs better than most people",
    "thumbnailUrl": "https://rover-com.imgix.net/images/people/Q18qjRqg/zcjypnvzan/original.jpg?crop=facecenter&fit=crop&h=200&ixlib=python-1.2.0&w=200",
    "webUrl": "https://www.rover.com/members/rhianna-b-i-like-dogs-better-than-most-people/",
    "zip": "98117",
  },
  Object {
    "badges": Array [
      Object {
        "content": "This sitter has successfully passed a basic <a href=\\"/background-checks/\\">background check</a> by a third party provider.",
        "imageUrl": "//dt0499hd9onpe.cloudfront.net/badges/verified-background-check/icons/icon_eff390b1.png",
        "title": "Verified Background Check",
      },
    ],
    "city": "Seattle",
    "currencySymbol": "$",
    "featuredReview": "Abby M. is one of the most caring and responsible people I know.  Her and her husband have two dogs that were blessed when they were adopted and brought into their loving home.  They take their dogs (kids!) everywhere and always have pictures on social media with their fun activities.  Abby has also been in marketing so she knows customer service and the importance of representing Rover in a positive way to the customer.  

Abby is kind, smart, strong and just an awesome human being.  She is an active (extremely active) person who loves the outdoors and being active.  I would endorse her any time.  You will be lucky to have her if all works out.",
    "name": "Abby",
    "neighborhood": "Ballard",
    "price": 63,
    "priceUnit": "night",
    "rank": 20,
    "ratingAverage": 0,
    "repeatClientCount": 0,
    "reviewCount": 1,
    "state": "WA",
    "tagline": "Run, walk or snuggle - anytime!",
    "thumbnailUrl": "https://rover-com.imgix.net/images/people/5AZLp8vg/dyfzjqecda/original.jpg?crop=facecenter&fit=crop&h=200&ixlib=python-1.2.0&w=200",
    "webUrl": "https://www.rover.com/members/abby-m-run-walk-or-snuggle-anytime/",
    "zip": "98107",
  },
]
`;
