// Jest Snapshot v1, https://goo.gl/fbAQLP

exports[`ExternalLink renders correctly 1`] = `
<a
  href="/"
  rel="noopener noreferrer"
  target="_blank"
/>
`;
