// Jest Snapshot v1, https://goo.gl/fbAQLP

exports[`Result renders correctly 1`] = `
<div
  className="row"
>
  <div
    className="col"
  >
    <img
      alt="Test Name"
      className="img-thumbnail img-fluid mx-auto d-block"
      src="https://example.com/profile.png"
    />
  </div>
  <div
    className="col-sm-7 col-md-8"
  >
    <div
      className="text-center text-sm-left"
    >
      <p
        className="lead mb-0"
      >
        0
        . 
        <ExternalLink
          href="https://www.rover.com/members/not-a-real-profile-just-a-test/"
        >
          Test Name
        </ExternalLink>
      </p>
      <p
        className="mb-0"
      >
        Enthusiastic dog lover in Ballard.
      </p>
      <p
        className="mb-0"
      >
        Ballard, Seattle, WA 98117
      </p>
      <div
        className="my-1"
      >
        <a
          className="badge badge-light border mr-1 text-uppercase"
          href="/"
        >
          42
           repeat clients
        </a>
        <a
          className="badge badge-light border mr-1 text-uppercase"
          href="/"
        >
          12
           reviews
        </a>
      </div>
      <p
        className="text-muted"
      >
        <em>
          "
          This sitter is awesome.
          "
        </em>
      </p>
    </div>
  </div>
  <div
    className="col-sm-2"
  >
    <div
      className="d-flex flex-column text-center"
    >
      <span>
        from
      </span>
      <span
        className="lead text-danger font-weight-bold"
      >
        $
        42.12
      </span>
      <span>
        per 
        night
      </span>
    </div>
  </div>
</div>
`;
