// Jest Snapshot v1, https://goo.gl/fbAQLP

exports[`Filters renders correctly 1`] = `
<div
  className="card"
>
  <div
    className="card-body"
  >
    <form>
      <ConnectFunction />
      <ConnectFunction />
    </form>
  </div>
</div>
`;
