// Jest Snapshot v1, https://goo.gl/fbAQLP

exports[`SearchOptionDate renders correctly 1`] = `
<div
  className="form-group"
>
  <label
    htmlFor="test-option-key"
  >
    <small>
      test-label
    </small>
  </label>
  <span
    className="d-block"
  >
    <DatePicker
      allowSameDay={false}
      className="form-control form-control-sm"
      dateFormat="MM/dd/yyyy"
      dateFormatCalendar="LLLL yyyy"
      disabled={false}
      disabledKeyboardNavigation={false}
      dropdownMode="scroll"
      id="test-option-key"
      inlineFocusSelectedMonth={false}
      minDate={2018-05-01T19:00:00.000Z}
      monthsShown={1}
      nextMonthButtonLabel="Next month"
      onBlur={[Function]}
      onChange={[Function]}
      onClickOutside={[Function]}
      onFocus={[Function]}
      onInputClick={[Function]}
      onInputError={[Function]}
      onKeyDown={[Function]}
      onMonthChange={[Function]}
      onSelect={[Function]}
      onYearChange={[Function]}
      preventOpenOnFocus={false}
      previousMonthButtonLabel="Previous Month"
      readOnly={false}
      renderDayContents={[Function]}
      selected={1970-01-01T08:00:00.000Z}
      shouldCloseOnSelect={true}
      showMonthYearPicker={false}
      showTimeInput={false}
      showTimeSelect={false}
      strictParsing={false}
      timeCaption="Time"
      timeInputLabel="Time"
      timeIntervals={30}
      withPortal={false}
    />
  </span>
</div>
`;
